[2026-02-18 09:58:07,367] WARNING in _internal:  * Debugger is active!
[2026-02-18 09:58:07,368] INFO in _internal:  * Debugger PIN: 489-213-094
[2026-02-18 09:58:09,322] INFO in _internal: 127.0.0.1 - - [18/Feb/2026 09:58:09] "[35m[1mGET /auctions/create HTTP/1.1[0m" 500 -
[2026-02-18 09:58:09,346] INFO in _internal: 127.0.0.1 - - [18/Feb/2026 09:58:09] "[36mGET /auctions/create?__debugger__=yes&cmd=resource&f=style.css HTTP/1.1[0m" 304 -
[2026-02-18 09:58:09,348] INFO in _internal: 127.0.0.1 - - [18/Feb/2026 09:58:09] "[36mGET /auctions/create?__debugger__=yes&cmd=resource&f=debugger.js HTTP/1.1[0m" 304 -
[2026-02-18 09:58:09,358] INFO in _internal: 127.0.0.1 - - [18/Feb/2026 09:58:09] "GET /auctions/create?__debugger__=yes&cmd=resource&f=console.png&s=xU9yU9ykoZS6VWhAlWCA HTTP/1.1" 200 -
[2026-02-18 09:58:30,543] INFO in _internal:  * Detected change in '/home/ionut/Github/BuySellChain/app/__init__.py', reloading
[2026-02-18 10:08:47,100] DEBUG in __init__: Questo deve essere BLU
[2026-02-18 10:08:47,100] INFO in __init__: Questo deve essere VERDE
[2026-02-18 10:08:47,100] WARNING in __init__: Questo deve essere GIALLO
[2026-02-18 10:08:47,100] ERROR in __init__: Questo deve essere ROSSO
[2026-02-18 10:08:59,622] DEBUG in __init__: Questo deve essere BLU
[2026-02-18 10:08:59,622] INFO in __init__: Questo deve essere VERDE
[2026-02-18 10:08:59,622] WARNING in __init__: Questo deve essere GIALLO
[2026-02-18 10:08:59,622] ERROR in __init__: Questo deve essere ROSSO
[2026-02-18 10:09:25,244] DEBUG in __init__: Questo deve essere BLU
[2026-02-18 10:09:25,244] INFO in __init__: Questo deve essere VERDE
[2026-02-18 10:09:25,244] WARNING in __init__: Questo deve essere GIALLO
[2026-02-18 10:09:25,244] ERROR in __init__: Questo deve essere ROSSO
[2026-02-18 10:10:55,307] DEBUG in __init__: Questo deve essere BLU
[2026-02-18 10:10:55,307] INFO in __init__: Questo deve essere VERDE
[2026-02-18 10:10:55,307] WARNING in __init__: Questo deve essere GIALLO
[2026-02-18 10:10:55,307] ERROR in __init__: Questo deve essere ROSSO
[2026-02-18 10:11:13,883] DEBUG in __init__: Questo deve essere BLU
[2026-02-18 10:11:13,883] INFO in __init__: Questo deve essere VERDE
[2026-02-18 10:11:13,883] WARNING in __init__: Questo deve essere GIALLO
[2026-02-18 10:11:13,883] ERROR in __init__: Questo deve essere ROSSO
[2026-02-18 10:11:37,513] DEBUG in __init__: Questo deve essere BLU
[2026-02-18 10:11:37,513] INFO in __init__: Questo deve essere VERDE
[2026-02-18 10:11:37,513] WARNING in __init__: Questo deve essere GIALLO
[2026-02-18 10:11:37,513] ERROR in __init__: Questo deve essere ROSSO
[2026-02-18 10:12:31,370] DEBUG in __init__: Questo deve essere BLU
[2026-02-18 10:12:31,370] INFO in __init__: Questo deve essere VERDE
[2026-02-18 10:12:31,370] WARNING in __init__: Questo deve essere GIALLO
[2026-02-18 10:12:31,370] ERROR in __init__: Questo deve essere ROSSO
[2026-02-18 10:13:17,057] DEBUG in __init__: Questo deve essere BLU
[2026-02-18 10:13:17,057] INFO in __init__: Questo deve essere VERDE
[2026-02-18 10:13:17,057] WARNING in __init__: Questo deve essere GIALLO
[2026-02-18 10:13:17,057] ERROR in __init__: Questo deve essere ROSSO
[2026-02-18 10:13:38,621] DEBUG in __init__: Questo deve essere BLU
[2026-02-18 10:13:38,621] INFO in __init__: Questo deve essere VERDE
[2026-02-18 10:13:38,621] WARNING in __init__: Questo deve essere GIALLO
[2026-02-18 10:13:38,621] ERROR in __init__: Questo deve essere ROSSO
[2026-02-18 10:13:38,651] WARNING in _internal:  * Debugger is active!
[2026-02-18 10:13:38,652] INFO in _internal:  * Debugger PIN: 489-213-094
[2026-02-18 10:13:39,661] INFO in _internal:  * Detected change in '/home/ionut/Github/BuySellChain/app/routes/assets/api_assets.py', reloading
[2026-02-18 10:13:39,981] DEBUG in __init__: Questo deve essere BLU
[2026-02-18 10:13:39,981] INFO in __init__: Questo deve essere VERDE
[2026-02-18 10:13:39,981] WARNING in __init__: Questo deve essere GIALLO
[2026-02-18 10:13:39,981] ERROR in __init__: Questo deve essere ROSSO
[2026-02-18 10:15:29,275] DEBUG in __init__: Questo deve essere BLU
[2026-02-18 10:15:29,275] INFO in __init__: Questo deve essere VERDE
[2026-02-18 10:15:29,275] WARNING in __init__: Questo deve essere GIALLO
[2026-02-18 10:15:29,275] ERROR in __init__: Questo deve essere ROSSO
[2026-02-18 10:15:41,798] DEBUG in __init__: Questo deve essere BLU
[2026-02-18 10:15:41,798] INFO in __init__: Questo deve essere VERDE
[2026-02-18 10:15:41,798] WARNING in __init__: Questo deve essere GIALLO
[2026-02-18 10:15:41,798] ERROR in __init__: Questo deve essere ROSSO
[2026-02-18 10:16:05,401] DEBUG in __init__: Questo deve essere BLU
[2026-02-18 10:16:05,401] INFO in __init__: Questo deve essere VERDE
[2026-02-18 10:16:05,401] WARNING in __init__: Questo deve essere GIALLO
[2026-02-18 10:16:05,401] ERROR in __init__: Questo deve essere ROSSO
[2026-02-18 10:16:39,741] DEBUG in __init__: Questo deve essere BLU
[2026-02-18 10:16:39,742] INFO in __init__: Questo deve essere VERDE
[2026-02-18 10:16:39,742] WARNING in __init__: Questo deve essere GIALLO
[2026-02-18 10:16:39,742] ERROR in __init__: Questo deve essere ROSSO
[2026-02-18 10:17:29,099] DEBUG in __init__: Questo deve essere BLU
[2026-02-18 10:17:29,099] INFO in __init__: Questo deve essere VERDE
[2026-02-18 10:17:29,099] WARNING in __init__: Questo deve essere GIALLO
[2026-02-18 10:17:29,099] ERROR in __init__: Questo deve essere ROSSO
[2026-02-18 10:17:51,643] DEBUG in __init__: Questo deve essere BLU
[2026-02-18 10:17:51,643] INFO in __init__: Questo deve essere VERDE
[2026-02-18 10:17:51,643] WARNING in __init__: Questo deve essere GIALLO
[2026-02-18 10:17:51,644] ERROR in __init__: Questo deve essere ROSSO
[2026-02-18 10:18:39,265] DEBUG in __init__: Questo deve essere BLU
[2026-02-18 10:18:39,265] INFO in __init__: Questo deve essere VERDE
[2026-02-18 10:18:39,265] WARNING in __init__: Questo deve essere GIALLO
[2026-02-18 10:18:39,265] ERROR in __init__: Questo deve essere ROSSO
[2026-02-18 10:19:05,253] DEBUG in __init__: Questo deve essere BLU
[2026-02-18 10:19:05,253] INFO in __init__: Questo deve essere VERDE
[2026-02-18 10:19:05,253] WARNING in __init__: Questo deve essere GIALLO
[2026-02-18 10:19:05,253] ERROR in __init__: Questo deve essere ROSSO
[2026-02-18 10:19:18,222] DEBUG in __init__: Questo deve essere BLU
[2026-02-18 10:19:18,222] INFO in __init__: Questo deve essere VERDE
[2026-02-18 10:19:18,222] WARNING in __init__: Questo deve essere GIALLO
[2026-02-18 10:19:18,222] ERROR in __init__: Questo deve essere ROSSO
[2026-02-18 10:19:18,528] DEBUG in __init__: Questo deve essere BLU
[2026-02-18 10:19:18,528] INFO in __init__: Questo deve essere VERDE
[2026-02-18 10:19:18,529] WARNING in __init__: Questo deve essere GIALLO
[2026-02-18 10:19:18,529] ERROR in __init__: Questo deve essere ROSSO
[2026-02-18 10:20:18,429] DEBUG in __init__: Questo deve essere BLU
[2026-02-18 10:20:18,429] INFO in __init__: Questo deve essere VERDE
[2026-02-18 10:20:18,429] WARNING in __init__: Questo deve essere GIALLO
[2026-02-18 10:20:18,429] ERROR in __init__: Questo deve essere ROSSO
[2026-02-18 10:21:36,436] WARNING in __init__: Questo deve essere GIALLO
[2026-02-18 10:21:36,436] ERROR in __init__: Questo deve essere ROSSO
[2026-02-18 10:22:44,414] WARNING in __init__: Questo deve essere GIALLO
[2026-02-18 10:22:44,415] ERROR in __init__: Questo deve essere ROSSO
[2026-02-18 10:22:58,917] WARNING in __init__: Questo deve essere GIALLO
[2026-02-18 10:22:58,917] ERROR in __init__: Questo deve essere ROSSO
[2026-02-18 10:23:42,723] WARNING in __init__: Questo deve essere GIALLO
[2026-02-18 10:23:42,723] ERROR in __init__: Questo deve essere ROSSO
[2026-02-18 10:24:48,609] DEBUG in __init__: Questo deve essere BLU
[2026-02-18 10:24:48,609] INFO in __init__: Questo deve essere VERDE
[2026-02-18 10:24:48,610] WARNING in __init__: Questo deve essere GIALLO
[2026-02-18 10:24:48,610] ERROR in __init__: Questo deve essere ROSSO
[2026-02-18 10:25:27,369] DEBUG in __init__: Questo deve essere BLU
[2026-02-18 10:25:27,369] INFO in __init__: Questo deve essere VERDE
[2026-02-18 10:25:27,369] WARNING in __init__: Questo deve essere GIALLO
[2026-02-18 10:25:27,369] ERROR in __init__: Questo deve essere ROSSO
[2026-02-18 10:25:27,670] DEBUG in __init__: Questo deve essere BLU
[2026-02-18 10:25:27,670] INFO in __init__: Questo deve essere VERDE
[2026-02-18 10:25:27,671] WARNING in __init__: Questo deve essere GIALLO
[2026-02-18 10:25:27,671] ERROR in __init__: Questo deve essere ROSSO
[2026-02-18 10:25:37,178] DEBUG in __init__: Questo deve essere BLU
[2026-02-18 10:25:37,179] INFO in __init__: Questo deve essere VERDE
[2026-02-18 10:25:37,179] WARNING in __init__: Questo deve essere GIALLO
[2026-02-18 10:25:37,179] ERROR in __init__: Questo deve essere ROSSO
[2026-02-18 10:26:42,497] DEBUG in __init__: Questo deve essere BLU
[2026-02-18 10:26:42,497] INFO in __init__: Questo deve essere VERDE
[2026-02-18 10:26:42,497] WARNING in __init__: Questo deve essere GIALLO
[2026-02-18 10:26:42,497] ERROR in __init__: Questo deve essere ROSSO
[2026-02-18 10:26:42,851] DEBUG in __init__: Questo deve essere BLU
[2026-02-18 10:26:42,851] INFO in __init__: Questo deve essere VERDE
[2026-02-18 10:26:42,851] WARNING in __init__: Questo deve essere GIALLO
[2026-02-18 10:26:42,851] ERROR in __init__: Questo deve essere ROSSO
[2026-02-18 10:27:19,922] DEBUG in __init__: Questo deve essere BLU
[2026-02-18 10:27:19,922] INFO in __init__: Questo deve essere VERDE
[2026-02-18 10:27:19,922] WARNING in __init__: Questo deve essere GIALLO
[2026-02-18 10:27:19,922] ERROR in __init__: Questo deve essere ROSSO
[2026-02-18 10:27:20,224] DEBUG in __init__: Questo deve essere BLU
[2026-02-18 10:27:20,224] INFO in __init__: Questo deve essere VERDE
[2026-02-18 10:27:20,224] WARNING in __init__: Questo deve essere GIALLO
[2026-02-18 10:27:20,224] ERROR in __init__: Questo deve essere ROSSO
